6001 S1_light_traffic complete
6001 S3_site_delay complete
6001 S0_normal complete
6001 S2_peak_traffic complete
6001 S4_multi_site_delay complete
6001 S5_pump_failure complete
6001 S7_mixed_disruption complete
6001 S6_high_demand complete
6002 S0_normal complete
6001 S8_ai_prediction_error complete
6002 S1_light_traffic complete
6002 S2_peak_traffic complete
6002 S3_site_delay complete
6002 S4_multi_site_delay complete
6002 S5_pump_failure complete
6002 S6_high_demand complete
6002 S8_ai_prediction_error complete
6002 S7_mixed_disruption complete
6003 S0_normal complete
6003 S1_light_traffic complete
6003 S2_peak_traffic complete
6003 S3_site_delay complete
6003 S4_multi_site_delay complete
6003 S5_pump_failure complete
6003 S8_ai_prediction_error complete
6003 S7_mixed_disruption complete
6003 S6_high_demand complete
6004 S0_normal complete
6004 S2_peak_traffic complete
6004 S1_light_traffic complete
6004 S3_site_delay complete
6004 S4_multi_site_delay complete
6004 S5_pump_failure complete
6004 S6_high_demand complete
6004 S7_mixed_disruption complete
6004 S8_ai_prediction_error complete
6005 S0_normal complete
6005 S1_light_traffic complete
6005 S2_peak_traffic complete
6005 S3_site_delay complete
6005 S4_multi_site_delay complete
6005 S5_pump_failure complete
6005 S7_mixed_disruption complete
6005 S6_high_demand complete
6005 S8_ai_prediction_error complete
6006 S0_normal complete
6006 S1_light_traffic complete
6006 S2_peak_traffic complete
6006 S3_site_delay complete
6006 S4_multi_site_delay complete
6006 S5_pump_failure complete
6006 S6_high_demand complete
6006 S7_mixed_disruption complete
6006 S8_ai_prediction_error complete
6007 S0_normal complete
6007 S1_light_traffic complete
6007 S2_peak_traffic complete
6007 S3_site_delay complete
6007 S4_multi_site_delay complete
6007 S5_pump_failure complete
6007 S7_mixed_disruption complete
6007 S6_high_demand complete
6007 S8_ai_prediction_error complete
6008 S0_normal complete
6008 S1_light_traffic complete
6008 S2_peak_traffic complete
6008 S3_site_delay complete
6008 S4_multi_site_delay complete
6008 S5_pump_failure complete
6008 S6_high_demand complete
6008 S7_mixed_disruption complete
6008 S8_ai_prediction_error complete
6009 S0_normal complete
6009 S1_light_traffic complete
6009 S2_peak_traffic complete
6009 S3_site_delay complete
6009 S4_multi_site_delay complete
6009 S5_pump_failure complete
6009 S6_high_demand complete
6009 S7_mixed_disruption complete
6009 S8_ai_prediction_error complete
6010 S0_normal complete
6010 S1_light_traffic complete
6010 S2_peak_traffic complete
6010 S3_site_delay complete
6010 S4_multi_site_delay complete
6010 S5_pump_failure complete
6010 S6_high_demand complete
6010 S8_ai_prediction_error complete
6010 S7_mixed_disruption complete
{
  "B_dynamic_buffered": {
    "first_buffer_min": 0,
    "next_buffer_min": 10,
    "dev_mean": {
      "operational_score_min": 2629.9667,
      "on_time_rate": 0.6208,
      "unserved_trips": 1.0889,
      "total_waiting_min": 357.3778,
      "site_idle_min": 1183.7
    }
  },
  "C_ai_rolling_buffered": {
    "first_buffer_min": 5,
    "next_buffer_min": 15,
    "dev_mean": {
      "operational_score_min": 2474.4333,
      "on_time_rate": 0.636,
      "unserved_trips": 1.0889,
      "total_waiting_min": 297.9111,
      "site_idle_min": 1087.6333
    }
  },
  "rule": "Dev days only. B: (first,next) with lowest mean operational_score_min. C: lowest mean operational_score_min among pairs whose dev on_time_rate >= B_selected - on_time_tolerance and dev unserved_trips <= B_selected. Ties -> smaller first+next, then smaller first.",
  "dev_day_seeds": [
    6001,
    6002,
    6003,
    6004,
    6005,
    6006,
    6007,
    6008,
    6009,
    6010
  ]
}
